00:00:31,427 DBG core.util: VARIANT_ID not found in os-release files
00:00:31,428 INF core.configuration.profile: Loading information about profiles from /etc/anaconda/profile.d.
00:00:31,429 INF core.configuration.profile: Found the 'almalinux' profile at /etc/anaconda/profile.d/almalinux.conf.
00:00:31,430 INF core.configuration.profile: Found the 'centos' profile at /etc/anaconda/profile.d/centos.conf.
00:00:31,431 INF core.configuration.profile: Found the 'circle' profile at /etc/anaconda/profile.d/circle.conf.
00:00:31,432 INF core.configuration.profile: Found the 'fedora-designsuite' profile at /etc/anaconda/profile.d/fedora-designsuite.conf.
00:00:31,432 INF core.configuration.profile: Found the 'fedora-eln' profile at /etc/anaconda/profile.d/fedora-eln.conf.
00:00:31,434 INF core.configuration.profile: Found the 'fedora-iot' profile at /etc/anaconda/profile.d/fedora-iot.conf.
00:00:31,435 INF core.configuration.profile: Found the 'fedora-kde-mobile' profile at /etc/anaconda/profile.d/fedora-kde-mobile.conf.
00:00:31,435 INF core.configuration.profile: Found the 'fedora-kde' profile at /etc/anaconda/profile.d/fedora-kde.conf.
00:00:31,436 INF core.configuration.profile: Found the 'fedora-kinoite' profile at /etc/anaconda/profile.d/fedora-kinoite.conf.
00:00:31,437 INF core.configuration.profile: Found the 'fedora-sericea' profile at /etc/anaconda/profile.d/fedora-sericea.conf.
00:00:31,437 INF core.configuration.profile: Found the 'fedora-server' profile at /etc/anaconda/profile.d/fedora-server.conf.
00:00:31,438 INF core.configuration.profile: Found the 'fedora-silverblue' profile at /etc/anaconda/profile.d/fedora-silverblue.conf.
00:00:31,439 INF core.configuration.profile: Found the 'fedora-workstation' profile at /etc/anaconda/profile.d/fedora-workstation.conf.
00:00:31,439 INF core.configuration.profile: Found the 'fedora' profile at /etc/anaconda/profile.d/fedora.conf.
00:00:31,440 INF core.configuration.profile: Found the 'navix' profile at /etc/anaconda/profile.d/navix.conf.
00:00:31,441 INF core.configuration.profile: Found the 'ovirt' profile at /etc/anaconda/profile.d/ovirt.conf.
00:00:31,441 INF core.configuration.profile: Found the 'rhel' profile at /etc/anaconda/profile.d/rhel.conf.
00:00:31,442 INF core.configuration.profile: Found the 'rhvh' profile at /etc/anaconda/profile.d/rhvh.conf.
00:00:31,443 INF core.configuration.profile: Found the 'rocky' profile at /etc/anaconda/profile.d/rocky.conf.
00:00:31,443 INF core.configuration.profile: Found the 'scientific-linux' profile at /etc/anaconda/profile.d/scientific-linux.conf.
00:00:31,444 INF core.configuration.profile: Found the 'virtuozzo-linux' profile at /etc/anaconda/profile.d/virtuozzo-linux.conf.
00:00:31,444 DBG core.configuration.profile: Detecting a profile for ID=fedora, VARIANT_ID=None.
00:00:31,444 INF core.configuration.profile: The 'fedora' profile is detected.
00:00:31,445 INF core.configuration.anaconda: Load the 'fedora' profile configuration.
00:00:31,450 INF main: /usr/bin/anaconda 44.30-2.fc44
00:00:31,450 INF core.util: Reporting the IPMI event: 7
00:00:31,629 INF startup_utils: check_memory(): total:7935, needed:320
00:00:31,630 DBG startup_utils: Don't set up proxy variables.
00:00:31,646 INF main: anaconda called with cmdline = ['/usr/bin/anaconda']
00:00:31,646 INF main: Default encoding = utf-8 
00:00:31,646 INF misc: Configuration loaded from: ['/etc/anaconda/anaconda.conf', '/etc/anaconda/profile.d/fedora.conf', '/etc/anaconda/conf.d/00-do-nothing.conf', '/etc/anaconda/conf.d/01-still-do-nothing.conf', '/etc/anaconda/conf.d/90-osbuild.conf']
00:00:31,646 INF misc: Writing the runtime configuration to: /run/anaconda/anaconda.conf
00:00:31,662 INF core.dbus: Connecting to the Anaconda bus at unix:path=/tmp/dbus-tyGrkvlXiI,guid=bc4b5bf0640baf97916931fb6aa7391f.
00:00:35,072 INF main: Found a kickstart file: /run/install/ks.cfg
00:00:35,094 INF startup_utils: Parsing kickstart: /run/install/ks.cfg
00:00:35,308 WRN kickstart: Command ostreecontainer will be parsed in DBus module.
00:00:35,309 WRN kickstart: Command lang will be parsed in DBus module.
00:00:35,310 WRN kickstart: Command keyboard will be parsed in DBus module.
00:00:35,310 WRN kickstart: Command timezone will be parsed in DBus module.
00:00:35,310 WRN kickstart: Command user will be parsed in DBus module.
00:00:35,366 DBG payload.rpmostreepayload: The flatpak source is not available.
00:00:35,380 DBG anaconda: setting display mode to GUI
00:00:35,384 DBG localization: setting locale to: en_US.UTF-8
00:00:35,399 DBG network: Initialization started.
00:00:35,408 DBG network: Devices found: []
00:00:35,414 DBG network: Running task Apply kickstart
00:00:35,527 DBG network: Apply kickstart result: []
00:00:35,535 DBG network: Running task Persist initramfs configuration
00:00:35,647 DBG network: Persist initramfs configuration result: []
00:00:35,649 DBG network: Creating network configurations.
00:00:35,653 DBG network: Initialization finished.
00:00:35,654 INF core.threads: Running Thread: AnaWaitForConnectingNMThread (140212391151296)
00:00:35,654 DBG anaconda: changing display mode from GUI to GUI
00:00:35,661 INF core.threads: Thread Done: AnaWaitForConnectingNMThread (140212391151296)
00:00:35,674 WRN stdout: Not asking for RDP mode because we don't have a network
00:00:35,674 INF anaconda: Display mode is set to 'interactive graphical mode'.
00:00:35,685 INF startup_utils: check_memory(): total:7935, needed:320
00:00:35,686 INF startup_utils: check_memory(): total:7935, graphical:410
00:00:39,641 DBG misc: GLib: (anaconda:2382): GLib-GIO-[1;32mDEBUG[0m: [34m00:00:39.641[0m: _g_io_module_get_default: Found default implementation dconf (DConfSettingsBackend) for ‘gsettings-backend’
00:00:39,642 DBG misc: GLib: (anaconda:2382): dconf-[1;32mDEBUG[0m: [34m00:00:39.642[0m: watch_fast: "/org/gnome/desktop/interface/" (establishing: 0, active: 0)
00:00:39,643 DBG misc: GLib: (anaconda:2382): dconf-[1;32mDEBUG[0m: [34m00:00:39.642[0m: watch_fast: "/org/gnome/desktop/peripherals/mouse/" (establishing: 0, active: 0)
00:00:39,643 DBG misc: GLib: (anaconda:2382): dconf-[1;32mDEBUG[0m: [34m00:00:39.643[0m: watch_fast: "/org/gnome/desktop/sound/" (establishing: 0, active: 0)
00:00:39,643 DBG misc: GLib: (anaconda:2382): dconf-[1;32mDEBUG[0m: [34m00:00:39.643[0m: watch_fast: "/org/gnome/desktop/privacy/" (establishing: 0, active: 0)
00:00:39,644 DBG misc: GLib: (anaconda:2382): dconf-[1;32mDEBUG[0m: [34m00:00:39.644[0m: watch_fast: "/org/gnome/desktop/wm/preferences/" (establishing: 0, active: 0)
00:00:39,644 DBG misc: GLib: (anaconda:2382): dconf-[1;32mDEBUG[0m: [34m00:00:39.644[0m: watch_fast: "/org/gnome/settings-daemon/plugins/xsettings/" (establishing: 0, active: 0)
00:00:39,645 DBG misc: GLib: (anaconda:2382): dconf-[1;32mDEBUG[0m: [34m00:00:39.645[0m: watch_fast: "/org/gnome/desktop/a11y/" (establishing: 0, active: 0)
00:00:39,645 DBG misc: GLib: (anaconda:2382): dconf-[1;32mDEBUG[0m: [34m00:00:39.645[0m: watch_fast: "/org/gnome/desktop/a11y/interface/" (establishing: 0, active: 0)
00:00:39,646 DBG misc: GLib: (anaconda:2382): dconf-[1;32mDEBUG[0m: [34m00:00:39.646[0m: watch_established: "/org/gnome/desktop/interface/" (establishing: 1)
00:00:39,647 DBG misc: GLib: (anaconda:2382): dconf-[1;32mDEBUG[0m: [34m00:00:39.647[0m: watch_established: "/org/gnome/desktop/peripherals/mouse/" (establishing: 1)
00:00:39,648 DBG misc: GLib: (anaconda:2382): dconf-[1;32mDEBUG[0m: [34m00:00:39.648[0m: watch_established: "/org/gnome/desktop/sound/" (establishing: 1)
00:00:39,648 DBG misc: GLib: (anaconda:2382): dconf-[1;32mDEBUG[0m: [34m00:00:39.648[0m: watch_established: "/org/gnome/desktop/privacy/" (establishing: 1)
00:00:39,649 DBG misc: GLib: (anaconda:2382): dconf-[1;32mDEBUG[0m: [34m00:00:39.648[0m: watch_established: "/org/gnome/desktop/wm/preferences/" (establishing: 1)
00:00:39,649 DBG misc: GLib: (anaconda:2382): dconf-[1;32mDEBUG[0m: [34m00:00:39.649[0m: watch_established: "/org/gnome/settings-daemon/plugins/xsettings/" (establishing: 1)
00:00:39,649 DBG misc: GLib: (anaconda:2382): dconf-[1;32mDEBUG[0m: [34m00:00:39.649[0m: watch_established: "/org/gnome/desktop/a11y/" (establishing: 1)
00:00:39,650 DBG misc: GLib: (anaconda:2382): dconf-[1;32mDEBUG[0m: [34m00:00:39.650[0m: watch_established: "/org/gnome/desktop/a11y/interface/" (establishing: 1)
00:00:39,793 DBG misc: GLib: (anaconda:2382): GLib-[1;32mDEBUG[0m: [34m00:00:39.793[0m: unsetenv() is not thread-safe and should not be used after threads are created
00:00:39,939 DBG misc: GLib: (anaconda:2382): GLib-GIO-[1;32mDEBUG[0m: [34m00:00:39.939[0m: _g_io_module_get_default: Found default implementation local (GLocalVfs) for ‘gio-vfs’
00:00:40,191 DBG ui.lib.addons: Loading spokes into module path for addon com_redhat_kdump
00:00:40,305 DBG core.storage: LABEL=OEMDRV matches [] for devicetree=None and disks_only=True
00:00:40,306 INF core.threads: Running Thread: AnaStorageThread (140212056278720)
00:00:40,354 DBG payload.manager: Restarting payload thread
00:00:40,354 INF core.threads: Running Thread: AnaPayloadRestartThread (140212046837440)
00:00:40,355 INF startup_utils: Geolocation is disabled due to automated kickstart based installation.
00:00:40,355 INF core.threads: Running Thread: AnaPayloadThread (140212038444736)
00:00:40,356 INF core.threads: Thread Done: AnaPayloadRestartThread (140212046837440)
00:00:40,359 DBG startup_utils: Skip the time synchronization due to disabled module.
00:00:43,476 DBG ui.gui.spokes.network: network standalone spoke (init): completed: True
00:00:43,506 INF lifecycle: Adding controller: SummaryHub
00:00:43,784 INF core.threads: Running Thread: AnaStorageWatcher (140212046837440)
00:00:43,790 DBG ui.gui.hubs: incomplete spokes: [StorageSpoke]
00:00:43,835 INF lifecycle: Module initialized: CustomPartitioningSpoke
00:00:43,883 INF lifecycle: Module initialized: BlivetGuiSpoke
00:00:43,887 WRN misc: /usr/lib64/python3.14/site-packages/pyanaconda/ui/gui/__init__.py:159: Warning: g_value_type_transformable: assertion 'src_type' failed
  self.builder.add_objects_from_file(self._findUIFile(), self.builderObjects)

00:00:43,887 DBG misc: GLib: 
(anaconda:2382): Gtk-[1;33mWARNING[0m **: [34m00:00:43.887[0m: ../gtk/gtkliststore.c:836: Unable to convert from (null) to gchararray
00:00:43,888 DBG misc: GLib: 
(anaconda:2382): Gtk-[1;33mWARNING[0m **: [34m00:00:43.887[0m: ../gtk/gtkliststore.c:836: Unable to convert from (null) to gchararray
00:00:43,888 DBG misc: GLib: 
(anaconda:2382): Gtk-[1;33mWARNING[0m **: [34m00:00:43.888[0m: ../gtk/gtkliststore.c:836: Unable to convert from (null) to gchararray
00:00:43,888 DBG misc: GLib: 
(anaconda:2382): Gtk-[1;33mWARNING[0m **: [34m00:00:43.888[0m: ../gtk/gtkliststore.c:836: Unable to convert from (null) to gchararray
00:00:43,888 DBG misc: GLib: 
(anaconda:2382): Gtk-[1;33mWARNING[0m **: [34m00:00:43.888[0m: ../gtk/gtkliststore.c:836: Unable to convert from (null) to gchararray
00:00:43,889 DBG misc: GLib: 
(anaconda:2382): Gtk-[1;33mWARNING[0m **: [34m00:00:43.889[0m: ../gtk/gtkliststore.c:836: Unable to convert from (null) to gchararray
00:00:43,889 DBG misc: GLib: 
(anaconda:2382): Gtk-[1;33mWARNING[0m **: [34m00:00:43.889[0m: ../gtk/gtkliststore.c:836: Unable to convert from (null) to gchararray
00:00:43,889 DBG misc: GLib: 
(anaconda:2382): Gtk-[1;33mWARNING[0m **: [34m00:00:43.889[0m: ../gtk/gtkliststore.c:836: Unable to convert from (null) to gchararray
00:00:43,889 DBG misc: GLib: 
(anaconda:2382): Gtk-[1;33mWARNING[0m **: [34m00:00:43.889[0m: ../gtk/gtkliststore.c:836: Unable to convert from (null) to gchararray
00:00:43,890 DBG misc: GLib: 
(anaconda:2382): Gtk-[1;33mWARNING[0m **: [34m00:00:43.890[0m: ../gtk/gtkliststore.c:836: Unable to convert from (null) to gchararray
00:00:43,890 DBG misc: GLib: 
(anaconda:2382): Gtk-[1;33mWARNING[0m **: [34m00:00:43.890[0m: ../gtk/gtkliststore.c:836: Unable to convert from (null) to gchararray
00:00:43,890 DBG misc: GLib: 
(anaconda:2382): Gtk-[1;33mWARNING[0m **: [34m00:00:43.890[0m: ../gtk/gtkliststore.c:836: Unable to convert from (null) to gchararray
00:00:43,891 DBG misc: GLib: 
(anaconda:2382): Gtk-[1;33mWARNING[0m **: [34m00:00:43.890[0m: ../gtk/gtkliststore.c:836: Unable to convert from (null) to gchararray
00:00:43,891 DBG misc: GLib: 
(anaconda:2382): Gtk-[1;33mWARNING[0m **: [34m00:00:43.891[0m: ../gtk/gtkliststore.c:836: Unable to convert from (null) to gchararray
00:00:43,891 DBG misc: GLib: 
(anaconda:2382): Gtk-[1;33mWARNING[0m **: [34m00:00:43.891[0m: ../gtk/gtkliststore.c:836: Unable to convert from (null) to gchararray
00:00:43,891 DBG misc: GLib: 
(anaconda:2382): Gtk-[1;33mWARNING[0m **: [34m00:00:43.891[0m: ../gtk/gtkliststore.c:836: Unable to convert from (null) to gchararray
00:00:43,892 DBG misc: GLib: 
(anaconda:2382): Gtk-[1;33mWARNING[0m **: [34m00:00:43.892[0m: ../gtk/gtkliststore.c:836: Unable to convert from (null) to gchararray
00:00:43,892 DBG misc: GLib: 
(anaconda:2382): Gtk-[1;33mWARNING[0m **: [34m00:00:43.892[0m: ../gtk/gtkliststore.c:836: Unable to convert from (null) to gchararray
00:00:43,892 DBG misc: GLib: 
(anaconda:2382): Gtk-[1;33mWARNING[0m **: [34m00:00:43.892[0m: ../gtk/gtkliststore.c:836: Unable to convert from (null) to gchararray
00:00:43,893 DBG misc: GLib: 
(anaconda:2382): Gtk-[1;33mWARNING[0m **: [34m00:00:43.892[0m: ../gtk/gtkliststore.c:836: Unable to convert from (null) to gchararray
00:00:43,893 DBG misc: GLib: 
(anaconda:2382): Gtk-[1;33mWARNING[0m **: [34m00:00:43.893[0m: ../gtk/gtkliststore.c:836: Unable to convert from (null) to gchararray
00:00:43,893 DBG misc: GLib: 
(anaconda:2382): Gtk-[1;33mWARNING[0m **: [34m00:00:43.893[0m: ../gtk/gtkliststore.c:836: Unable to convert from (null) to gchararray
00:00:43,960 INF lifecycle: Module initialized: FilterSpoke
00:00:44,006 WRN misc: /usr/lib/python3.14/site-packages/dasbus/server/handler.py:78: DeprecationWarning: Gio.DBusConnection.register_object is deprecated
  registration_id = connection.register_object(

00:00:44,011 INF lifecycle: Module initialized: NetworkSpoke
00:00:44,053 INF lifecycle: Module initialized: PasswordSpoke
00:00:44,117 INF lifecycle: Module initialized: UserSpoke
00:00:44,133 INF lifecycle: Initialization of all modules (7) has been started.
00:00:44,136 DBG ui.gui.hubs: Starting event loop for hub SummaryHub
00:00:44,224 DBG ui.common: Entered hub: SummaryHub
00:00:44,228 WRN misc: /usr/lib64/python3.14/site-packages/gi/events.py:803: DeprecationWarning: 'asyncio.AbstractEventLoopPolicy' is deprecated and slated for removal in Python 3.16
  AbstractEventLoopPolicy = getattr(asyncio, "AbstractEventLoopPolicy", object)

00:00:44,273 DBG ui.gui.hubs: setting StorageSpoke status to: Probing storage...
00:00:44,287 DBG ui.gui.hubs: spoke is ready: PasswordSpoke
00:00:44,291 DBG ui.gui.hubs: kickstart installation, spoke Root Account is ready
00:00:54,896 DBG ui.common: Entered spoke: PasswordSpoke
00:00:57,485 INF core.threads: Thread Done: AnaStorageThread (140212056278720)
00:00:57,500 DBG ui.gui.hubs: setting StorageSpoke status to: Probing storage...
00:00:57,508 DBG ui.lib.storage: Selecting all disks by default: sda,sdb,mmcblk0
00:00:57,508 INF lifecycle: Module initialized: StorageSpoke
00:00:57,508 INF lifecycle: All modules have been initialized.
00:00:57,508 INF core.threads: Thread Done: AnaStorageWatcher (140212046837440)
00:00:57,523 INF core.threads: Thread Done: AnaPayloadThread (140212038444736)
00:00:57,625 DBG ui.gui.hubs: spoke is ready: StorageSpoke
00:00:57,629 INF ui.gui.helpers: kickstart installation stopped for info: User interaction required on spoke Installation Destination
00:00:57,996 DBG ui.common: Left spoke: PasswordSpoke
00:00:58,086 DBG ui.gui.hubs: spoke is ready: PasswordSpoke
00:00:58,090 DBG ui.gui.hubs: kickstart installation, spoke Root Account is ready
00:01:00,018 DBG ui.common: Entered spoke: StorageSpoke
00:01:22,576 DBG ui.gui.spokes.storage: disk free: 5.27 MiB  fs free: 2.5 GiB  sw needs: 476.84 MiB  auto swap: 0 B
00:01:26,266 WRN misc: /usr/lib64/python3.14/site-packages/gi/overrides/GObject.py:646: Warning: ../gobject/gsignal.c:2723: instance '0x559ff570abd0' has no handler with id '10077'
  return func(*args, **kwargs)

00:01:26,267 WRN misc: /usr/lib64/python3.14/site-packages/gi/overrides/GObject.py:646: Warning: ../gobject/gsignal.c:2723: instance '0x559ff570abd0' has no handler with id '10078'
  return func(*args, **kwargs)

00:03:03,828 DBG ui.gui.spokes.lib.resize: Remove sda.
00:03:03,899 DBG ui.gui.spokes.lib.resize: Remove mmcblk0.
00:03:03,931 WRN misc: /usr/lib64/python3.14/site-packages/gi/overrides/GObject.py:646: Warning: ../gobject/gsignal.c:2723: instance '0x559ff5776a70' has no handler with id '11773'
  return func(*args, **kwargs)

00:03:03,932 WRN misc: /usr/lib64/python3.14/site-packages/gi/overrides/GObject.py:646: Warning: ../gobject/gsignal.c:2723: instance '0x559ff5776a70' has no handler with id '11774'
  return func(*args, **kwargs)

00:03:03,971 DBG ui.gui.spokes.storage: Running the execute method for the AUTOMATIC partitioning method.
00:03:03,971 INF core.threads: Running Thread: AnaExecuteStorageThread (140212391151296)
00:03:03,972 DBG ui.lib.storage: Applying partitioning
00:03:03,972 DBG ui.common: Left spoke: StorageSpoke
00:03:03,972 DBG ui.gui.spokes.storage: Saving storage configuration...
00:03:04,063 DBG ui.gui.hubs: spoke is not ready: StorageSpoke
00:03:04,063 DBG ui.gui.hubs: setting StorageSpoke status to: Saving storage configuration...
00:03:04,606 DBG ui.gui.spokes.storage: Checking storage configuration...
00:03:04,655 DBG ui.gui.hubs: setting StorageSpoke status to: Checking storage configuration...
00:03:04,728 DBG ui.lib.storage: Validation has been completed: ValidationReport(error_messages=[], warning_messages=[])
00:03:04,877 DBG ui.lib.storage: Partitioning has been applied.
00:03:04,878 INF core.threads: Thread Done: AnaExecuteStorageThread (140212391151296)
00:03:04,975 DBG ui.gui.hubs: incomplete spokes: []
00:03:04,984 INF ui.lib.space: fs space: 272.27 GiB  needed: 476.84 MiB
00:03:04,985 INF core.hw: Skipping detection of SMT.
00:03:04,985 DBG ui.gui.hubs: spoke is ready: StorageSpoke
00:03:04,988 DBG ui.gui.hubs: kickstart installation, spoke Installation Destination is ready
00:03:19,238 INF ui.gui.helpers: kickstart installation stopped for info: User interaction required on standalone spoke ProgressSpoke
00:03:19,240 DBG ui.common: Left hub: SummaryHub
00:03:19,249 DBG ui.gui.spokes.installation_progress: The installation has started.
00:03:19,252 DBG ui.common: Entered spoke: ProgressSpoke
00:52:27,720 DBG ui.gui.spokes.installation_progress: The installation has finished.
00:52:27,729 DBG exception: running handleException
00:52:27,736 CRT exception: Traceback (most recent call last):

  File "/usr/lib/python3.14/site-packages/dasbus/client/handler.py", line 133, in _signal_callback
    callback(parameters, *callback_args)
    ~~~~~~~~^^^^^^^^^^^^^^^^^^^^^^^^^^^^

  File "/usr/lib/python3.14/site-packages/dasbus/client/handler.py", line 365, in _signal_callback
    callback(*unwrap_variant(parameters))
    ~~~~~~~~^^^^^^^^^^^^^^^^^^^^^^^^^^^^^

  File "/usr/lib/python3.14/site-packages/dasbus/signal.py", line 53, in emit
    callback(*args, **kwargs)
    ~~~~~~~~^^^^^^^^^^^^^^^^^

  File "/usr/lib64/python3.14/site-packages/pyanaconda/ui/gui/spokes/installation_progress.py", line 78, in _on_installation_done
    self._task_proxy.Finish()
    ~~~~~~~~~~~~~~~~~~~~~~~^^

  File "/usr/lib/python3.14/site-packages/dasbus/client/handler.py", line 450, in _call_method
    return self._get_method_reply(
           ~~~~~~~~~~~~~~~~~~~~~~^
        self._client.sync_call,
        ^^^^^^^^^^^^^^^^^^^^^^^
        *args,
        ^^^^^^
        **kwargs,
        ^^^^^^^^^
    )
    ^

  File "/usr/lib/python3.14/site-packages/dasbus/client/handler.py", line 483, in _get_method_reply
    return self._handle_method_error(error)
           ~~~~~~~~~~~~~~~~~~~~~~~~~^^^^^^^

  File "/usr/lib/python3.14/site-packages/dasbus/client/handler.py", line 509, in _handle_method_error
    raise exception from None

pyanaconda.modules.common.errors.installation.BootloaderInstallationError: failed to write boot loader configuration

00:52:27,736 DBG exception: Gtk running, queuing exception handler to the main loop
00:52:35,064 INF core.util: Reporting the IPMI event: 10
